// Jest Snapshot v1, https://goo.gl/fbAQLP

exports[`Tests related to displaying data from a filled application Should match its snapshot 1`] = `
<div>
  <h2
    className="typo-systemtittel"
    style={
      Object {
        "marginBottom": "1em",
      }
    }
  >
    Oppsumerings side
  </h2>
  <div
    style={
      Object {
        "marginBottom": "2em",
      }
    }
  >
    <h2
      className="typo-undertittel"
      style={
        Object {
          "marginBottom": "1em",
        }
      }
    >
      Personopplysninger
    </h2>
    <div
      style={
        Object {
          "display": "grid",
          "gridTemplateColumns": "1fr 1fr",
          "marginBottom": "1em",
        }
      }
    >
      <span
        style={
          Object {
            "marginBottom": "1em",
          }
        }
      >
        Fødselsnummer:
      </span>
      <span>
        12345678901
      </span>
    </div>
    <div
      style={
        Object {
          "display": "grid",
          "gridTemplateColumns": "1fr 1fr",
          "marginBottom": "1em",
        }
      }
    >
      <span
        style={
          Object {
            "marginBottom": "1em",
          }
        }
      >
        Fornavn:
      </span>
      <span>
        Planet
      </span>
      <span
        style={
          Object {
            "marginBottom": "1em",
          }
        }
      >
        Mellomnavn:
      </span>
      <span>
        Planetus
      </span>
      <span
        style={
          Object {
            "marginBottom": "1em",
          }
        }
      >
        Etternavn:
      </span>
      <span>
        Planetetus
      </span>
    </div>
    <div
      style={
        Object {
          "display": "grid",
          "gridTemplateColumns": "1fr 1fr",
          "marginBottom": "1em",
        }
      }
    >
      <span>
        Telefonnummer:
      </span>
      <span>
        12345678
      </span>
    </div>
    <div
      style={
        Object {
          "display": "grid",
          "gridTemplateColumns": "1fr 1fr",
          "marginBottom": "1em",
        }
      }
    >
      <span
        style={
          Object {
            "marginBottom": "1em",
          }
        }
      >
        Gateadresse:
      </span>
      <span>
        Melkeveien 5
      </span>
      <span>
        Bruksenhet:
      </span>
      <span>
        H105
      </span>
    </div>
    <div
      style={
        Object {
          "display": "grid",
          "gridTemplateColumns": "1fr 1fr",
          "marginBottom": "1em",
        }
      }
    >
      <span
        style={
          Object {
            "marginBottom": "1em",
          }
        }
      >
        Postnummer:
      </span>
      <span>
        0985
      </span>
      <span
        style={
          Object {
            "marginBottom": "1em",
          }
        }
      >
        Poststed:
      </span>
      <span>
        Melk
      </span>
      <span>
        Bokommune:
      </span>
      <span>
        Veien
      </span>
    </div>
    <div
      style={
        Object {
          "display": "grid",
          "gridTemplateColumns": "1fr 1fr",
          "marginBottom": "1em",
        }
      }
    >
      <span>
        Søkers statsborkerskap:
      </span>
      <span>
        Solen, Uranus
      </span>
    </div>
    <div
      style={
        Object {
          "display": "grid",
          "gridTemplateColumns": "1fr 1fr",
          "marginBottom": "1em",
        }
      }
    >
      <span
        style={
          Object {
            "marginBottom": "1em",
          }
        }
      >
        Er søker registrert som flyktning?
      </span>
      <span>
        Ja
      </span>
      <span>
        Bor søker fast i Norge?
      </span>
      <span>
        Ja
      </span>
    </div>
  </div>
  <div
    style={
      Object {
        "marginBottom": "2em",
      }
    }
  >
    <h2
      className="typo-undertittel"
      style={
        Object {
          "marginBottom": "1em",
        }
      }
    >
      Boforhold
    </h2>
    <div
      style={
        Object {
          "display": "grid",
          "gridTemplateColumns": "1fr 1fr",
          "marginBottom": "1em",
        }
      }
    >
      <span
        style={
          Object {
            "marginBottom": "1em",
          }
        }
      >
        Deler søker bolig med en annen voksen?
      </span>
      <span>
        Ja
      </span>
    </div>
    <div
      style={
        Object {
          "display": "grid",
          "gridTemplateColumns": "1fr 1fr",
          "marginBottom": "1em",
        }
      }
    >
      <span>
        Søker deler bolig med:
      </span>
      <span>
        Ektefelle/Samboer/Partner, Barn over 18
      </span>
    </div>
    <div
      style={
        Object {
          "display": "grid",
          "gridTemplateColumns": "1fr 1fr",
          "marginBottom": "1em",
        }
      }
    >
      <span>
        Opplysninger:
      </span>
      <span>
        <ol>
          <li
            style={
              Object {
                "marginBottom": "1em",
              }
            }
          >
            12345678901
             
            Pluto
          </li>
          <li
            style={
              Object {
                "marginBottom": "1em",
              }
            }
          >
            10987654321
             
            Jupiter
          </li>
        </ol>
      </span>
    </div>
  </div>
  <div
    style={
      Object {
        "marginBottom": "2em",
      }
    }
  >
    <h2
      className="typo-undertittel"
      style={
        Object {
          "marginBottom": "1em",
        }
      }
    >
      Utenlandsopphold
    </h2>
    <div
      style={
        Object {
          "display": "grid",
          "gridTemplateColumns": "1fr 1fr",
          "marginBottom": "1em",
        }
      }
    >
      <label>
        Utenlandsopphold:
      </label>
      <label>
         
        <ol>
          <li
            style={
              Object {
                "marginBottom": "1em",
              }
            }
          >
            01-02-2020
             -  
            02-02-2020
          </li>
        </ol>
      </label>
    </div>
    <div
      style={
        Object {
          "display": "grid",
          "gridTemplateColumns": "1fr 1fr",
          "marginBottom": "1em",
        }
      }
    >
      <span>
        Planlagt utenlandsopphold:
      </span>
      <span>
        <ol>
          <li
            style={
              Object {
                "marginBottom": "1em",
              }
            }
          >
            04-02-2020
             -  
            06-02-2020
          </li>
        </ol>
      </span>
    </div>
  </div>
  <div
    style={
      Object {
        "marginBottom": "2em",
      }
    }
  >
    <h2
      className="typo-undertittel"
      style={
        Object {
          "marginBottom": "1em",
        }
      }
    >
      Opplysninger om oppholdstillatelse
    </h2>
    <div
      style={
        Object {
          "display": "grid",
          "gridTemplateColumns": "1fr 1fr",
          "marginBottom": "1em",
        }
      }
    >
      <span>
        Har søker varig oppholdstillatelse:
      </span>
      <span>
        Nei
      </span>
    </div>
    <div
      style={
        Object {
          "display": "grid",
          "gridTemplateColumns": "1fr 1fr",
          "marginBottom": "1em",
        }
      }
    >
      <span>
        Utløpsdato: 
      </span>
      <span>
        21-02-2020
      </span>
    </div>
    <div
      style={
        Object {
          "display": "grid",
          "gridTemplateColumns": "1fr 1fr",
          "marginBottom": "1em",
        }
      }
    >
      <span>
        Har søker søkt om forlengelse?
      </span>
      <span>
        Ja
      </span>
    </div>
  </div>
  <div
    style={
      Object {
        "marginBottom": "2em",
      }
    }
  >
    <h2
      className="typo-undertittel"
      style={
        Object {
          "marginBottom": "1em",
        }
      }
    >
      Inntekt, pensjon, og formue
    </h2>
    <div
      style={
        Object {
          "display": "grid",
          "gridTemplateColumns": "1fr 1fr",
          "marginBottom": "1em",
        }
      }
    >
      <span
        style={
          Object {
            "marginBottom": "1em",
          }
        }
      >
        Har søker fremsatt krav om annen norsk eller utenlandsk ytelse/pensjon som ikke er avgjort?
      </span>
      <span>
        Ja
      </span>
      <span>
        Hva slags ytelse/pensjon
      </span>
      <span>
        penjon
      </span>
    </div>
    <div
      style={
        Object {
          "display": "grid",
          "gridTemplateColumns": "1fr 1fr",
          "marginBottom": "1em",
        }
      }
    >
      <span
        style={
          Object {
            "marginBottom": "1em",
          }
        }
      >
        Har du arbeidsinntekt/personinntekt?
      </span>
      <span>
        Ja
      </span>
      <span
        style={
          Object {
            "marginBottom": "1em",
          }
        }
      >
        Brutto beløp per år:
      </span>
      <span>
        500
      </span>
      <span
        style={
          Object {
            "marginBottom": "1em",
          }
        }
      >
        Har du pensjon?
      </span>
      <span>
        <ol>
          <li
            style={
              Object {
                "marginBottom": "1em",
              }
            }
          >
            PensjonsOrdningen
            , 
            250
          </li>
        </ol>
      </span>
      <span>
        Sum inntekt:
      </span>
      <span>
        750
      </span>
    </div>
    <div
      style={
        Object {
          "display": "grid",
          "gridTemplateColumns": "1fr 1fr",
          "marginBottom": "1em",
        }
      }
    >
      <span
        style={
          Object {
            "marginBottom": "1em",
          }
        }
      >
        Har du formue/eiendom
      </span>
      <span>
        Ja
      </span>
      <span
        style={
          Object {
            "marginBottom": "1em",
          }
        }
      >
        Har du finansformue?
      </span>
      <span>
        Nei
      </span>
      <span
        style={
          Object {
            "marginBottom": "1em",
          }
        }
      >
        <span>
          Totalbeløp formue:
        </span>
      </span>
      <span>
        100
      </span>
      <span
        style={
          Object {
            "marginBottom": "1em",
          }
        }
      >
        Har du annen formue/eiendom
      </span>
      <span>
        Ja
      </span>
      <span>
        <span>
          -
        </span>
      </span>
      <span>
        <ol>
          <li
            style={
              Object {
                "marginBottom": "1em",
              }
            }
          >
            Hytte
            ,
            50
          </li>
        </ol>
      </span>
    </div>
    <div
      style={
        Object {
          "display": "grid",
          "gridTemplateColumns": "1fr 1fr",
          "marginBottom": "1em",
        }
      }
    >
      <span
        style={
          Object {
            "marginBottom": "1em",
          }
        }
      >
        Har søker Depositumskonto?
      </span>
      <span>
        Nei
      </span>
      <span />
      <span />
    </div>
    <div
      style={
        Object {
          "display": "grid",
          "gridTemplateColumns": "1fr 1fr",
          "marginBottom": "1em",
        }
      }
    >
      <span>
        Mottar du eller ektefellen/samboer, eller har du eller han/hun i løpet av de siste tre månedene mottatt sosialstønad til livsopphold?
      </span>
      <span>
        Nei
      </span>
    </div>
  </div>
  <div
    style={
      Object {
        "marginBottom": "2em",
      }
    }
  >
    <h2
      className="typo-undertittel"
      style={
        Object {
          "marginBottom": "1em",
        }
      }
    >
      For NAV
    </h2>
    <div
      style={
        Object {
          "display": "grid",
          "gridTemplateColumns": "1fr 1fr",
          "marginBottom": "1em",
        }
      }
    >
      <span>
        Hvilket målform ønsker du svaret i?
      </span>
      <span>
        Bokmål
      </span>
    </div>
    <div
      style={
        Object {
          "display": "grid",
          "gridTemplateColumns": "1fr 1fr",
          "marginBottom": "1em",
        }
      }
    >
      <span
        style={
          Object {
            "marginBottom": "1em",
          }
        }
      >
        Har søker møtt personlig?
      </span>
      <span>
        Ja
      </span>
      <span
        style={
          Object {
            "marginBottom": "1em",
          }
        }
      >
        Har fullmektig møtt?
      </span>
      <span>
        Nei
      </span>
      <span
        style={
          Object {
            "marginBottom": "1em",
          }
        }
      >
        Er originalt(e) pass sjekket for stempel?
      </span>
      <span>
        Ja
      </span>
    </div>
    <div
      style={
        Object {
          "display": "grid",
          "gridTemplateColumns": "1fr 1fr",
          "marginBottom": "1em",
        }
      }
    >
      <span
        style={
          Object {
            "marginBottom": "1em",
          }
        }
      >
        <span>
          Merknader:
        </span>
      </span>
      <span>
        <span>
          Alt er fint
        </span>
      </span>
    </div>
  </div>
</div>
`;
